Archive member included to satisfy reference by file (symbol)

c:/stm32_eclipse/stm32toolchain/gnu-arm/5.4 2016q3/bin/../lib/gcc/arm-none-eabi/5.4.1/../../../../arm-none-eabi/lib/armv7e-m\libg_nano.a(lib_a-errno.o)
                              ./system/src/newlib/_sbrk.o (__errno)
c:/stm32_eclipse/stm32toolchain/gnu-arm/5.4 2016q3/bin/../lib/gcc/arm-none-eabi/5.4.1/../../../../arm-none-eabi/lib/armv7e-m\libg_nano.a(lib_a-impure.o)
                              c:/stm32_eclipse/stm32toolchain/gnu-arm/5.4 2016q3/bin/../lib/gcc/arm-none-eabi/5.4.1/../../../../arm-none-eabi/lib/armv7e-m\libg_nano.a(lib_a-errno.o) (_impure_ptr)
c:/stm32_eclipse/stm32toolchain/gnu-arm/5.4 2016q3/bin/../lib/gcc/arm-none-eabi/5.4.1/../../../../arm-none-eabi/lib/armv7e-m\libg_nano.a(lib_a-strlen.o)
                              ./system/src/diag/Trace.o (strlen)
c:/stm32_eclipse/stm32toolchain/gnu-arm/5.4 2016q3/bin/../lib/gcc/arm-none-eabi/5.4.1/../../../../arm-none-eabi/lib/armv7e-m\libg_nano.a(lib_a-vsnprintf.o)
                              ./system/src/diag/Trace.o (vsnprintf)
c:/stm32_eclipse/stm32toolchain/gnu-arm/5.4 2016q3/bin/../lib/gcc/arm-none-eabi/5.4.1/../../../../arm-none-eabi/lib/armv7e-m\libg_nano.a(lib_a-nano-svfprintf.o)
                              c:/stm32_eclipse/stm32toolchain/gnu-arm/5.4 2016q3/bin/../lib/gcc/arm-none-eabi/5.4.1/../../../../arm-none-eabi/lib/armv7e-m\libg_nano.a(lib_a-vsnprintf.o) (_svfprintf_r)
c:/stm32_eclipse/stm32toolchain/gnu-arm/5.4 2016q3/bin/../lib/gcc/arm-none-eabi/5.4.1/../../../../arm-none-eabi/lib/armv7e-m\libg_nano.a(lib_a-nano-vfprintf_i.o)
                              c:/stm32_eclipse/stm32toolchain/gnu-arm/5.4 2016q3/bin/../lib/gcc/arm-none-eabi/5.4.1/../../../../arm-none-eabi/lib/armv7e-m\libg_nano.a(lib_a-nano-svfprintf.o) (_printf_i)
c:/stm32_eclipse/stm32toolchain/gnu-arm/5.4 2016q3/bin/../lib/gcc/arm-none-eabi/5.4.1/../../../../arm-none-eabi/lib/armv7e-m\libg_nano.a(lib_a-memchr.o)
                              c:/stm32_eclipse/stm32toolchain/gnu-arm/5.4 2016q3/bin/../lib/gcc/arm-none-eabi/5.4.1/../../../../arm-none-eabi/lib/armv7e-m\libg_nano.a(lib_a-nano-svfprintf.o) (memchr)
c:/stm32_eclipse/stm32toolchain/gnu-arm/5.4 2016q3/bin/../lib/gcc/arm-none-eabi/5.4.1/../../../../arm-none-eabi/lib/armv7e-m\libg_nano.a(lib_a-memcpy-stub.o)
                              c:/stm32_eclipse/stm32toolchain/gnu-arm/5.4 2016q3/bin/../lib/gcc/arm-none-eabi/5.4.1/../../../../arm-none-eabi/lib/armv7e-m\libg_nano.a(lib_a-nano-svfprintf.o) (memcpy)
c:/stm32_eclipse/stm32toolchain/gnu-arm/5.4 2016q3/bin/../lib/gcc/arm-none-eabi/5.4.1/../../../../arm-none-eabi/lib/armv7e-m\libg_nano.a(lib_a-memmove.o)
                              c:/stm32_eclipse/stm32toolchain/gnu-arm/5.4 2016q3/bin/../lib/gcc/arm-none-eabi/5.4.1/../../../../arm-none-eabi/lib/armv7e-m\libg_nano.a(lib_a-nano-svfprintf.o) (memmove)
c:/stm32_eclipse/stm32toolchain/gnu-arm/5.4 2016q3/bin/../lib/gcc/arm-none-eabi/5.4.1/../../../../arm-none-eabi/lib/armv7e-m\libg_nano.a(lib_a-nano-freer.o)
                              c:/stm32_eclipse/stm32toolchain/gnu-arm/5.4 2016q3/bin/../lib/gcc/arm-none-eabi/5.4.1/../../../../arm-none-eabi/lib/armv7e-m\libg_nano.a(lib_a-nano-svfprintf.o) (_free_r)
c:/stm32_eclipse/stm32toolchain/gnu-arm/5.4 2016q3/bin/../lib/gcc/arm-none-eabi/5.4.1/../../../../arm-none-eabi/lib/armv7e-m\libg_nano.a(lib_a-nano-mallocr.o)
                              c:/stm32_eclipse/stm32toolchain/gnu-arm/5.4 2016q3/bin/../lib/gcc/arm-none-eabi/5.4.1/../../../../arm-none-eabi/lib/armv7e-m\libg_nano.a(lib_a-nano-svfprintf.o) (_malloc_r)
c:/stm32_eclipse/stm32toolchain/gnu-arm/5.4 2016q3/bin/../lib/gcc/arm-none-eabi/5.4.1/../../../../arm-none-eabi/lib/armv7e-m\libg_nano.a(lib_a-nano-reallocr.o)
                              c:/stm32_eclipse/stm32toolchain/gnu-arm/5.4 2016q3/bin/../lib/gcc/arm-none-eabi/5.4.1/../../../../arm-none-eabi/lib/armv7e-m\libg_nano.a(lib_a-nano-svfprintf.o) (_realloc_r)
c:/stm32_eclipse/stm32toolchain/gnu-arm/5.4 2016q3/bin/../lib/gcc/arm-none-eabi/5.4.1/../../../../arm-none-eabi/lib/armv7e-m\libg_nano.a(lib_a-sbrkr.o)
                              c:/stm32_eclipse/stm32toolchain/gnu-arm/5.4 2016q3/bin/../lib/gcc/arm-none-eabi/5.4.1/../../../../arm-none-eabi/lib/armv7e-m\libg_nano.a(lib_a-nano-mallocr.o) (_sbrk_r)
c:/stm32_eclipse/stm32toolchain/gnu-arm/5.4 2016q3/bin/../lib/gcc/arm-none-eabi/5.4.1/../../../../arm-none-eabi/lib/armv7e-m\libg_nano.a(lib_a-mlock.o)
                              c:/stm32_eclipse/stm32toolchain/gnu-arm/5.4 2016q3/bin/../lib/gcc/arm-none-eabi/5.4.1/../../../../arm-none-eabi/lib/armv7e-m\libg_nano.a(lib_a-nano-freer.o) (__malloc_lock)
c:/stm32_eclipse/stm32toolchain/gnu-arm/5.4 2016q3/bin/../lib/gcc/arm-none-eabi/5.4.1/../../../../arm-none-eabi/lib/armv7e-m\libg_nano.a(lib_a-nano-msizer.o)
[...]
Memory Configuration

Name             Origin             Length             Attributes
RAM              0x20000000         0x00020000         xrw
CCMRAM           0x10000000         0x00010000         xrw
FLASH            0x08000000         0x00100000         xr
FLASHB1          0x00000000         0x00000000         xr
EXTMEMB0         0x00000000         0x00000000         xr
EXTMEMB1         0x00000000         0x00000000         xr
EXTMEMB2         0x00000000         0x00000000         xr
EXTMEMB3         0x00000000         0x00000000         xr
MEMORY_ARRAY     0x20002000         0x00000020         xrw
*default*        0x00000000         0xffffffff

Linker script and memory map

LOAD ./system/src/stm32f4-hal/stm32f4xx_hal.o
LOAD ./system/src/stm32f4-hal/stm32f4xx_hal_cortex.o
LOAD ./system/src/stm32f4-hal/stm32f4xx_hal_dfsdm.o
LOAD ./system/src/stm32f4-hal/stm32f4xx_hal_flash.o
LOAD ./system/src/stm32f4-hal/stm32f4xx_hal_gpio.o
LOAD ./system/src/stm32f4-hal/stm32f4xx_hal_iwdg.o
LOAD ./system/src/stm32f4-hal/stm32f4xx_hal_pwr.o
LOAD ./system/src/stm32f4-hal/stm32f4xx_hal_rcc.o
LOAD ./system/src/newlib/_cxx.o
LOAD ./system/src/newlib/_exit.o
LOAD ./system/src/newlib/_sbrk.o
LOAD ./system/src/newlib/_startup.o
LOAD ./system/src/newlib/_syscalls.o
LOAD ./system/src/newlib/assert.o
LOAD ./system/src/diag/Trace.o
LOAD ./system/src/diag/trace_impl.o
LOAD ./system/src/cortexm/_initialize_hardware.o
LOAD ./system/src/cortexm/_reset_hardware.o
LOAD ./system/src/cortexm/exception_handlers.o
LOAD ./system/src/cmsis/system_stm32f4xx.o
LOAD ./system/src/cmsis/vectors_stm32f405xx.o
LOAD ./src/BlinkLed.o
LOAD ./src/Timer.o
LOAD ./src/_initialize_hardware.o
LOAD ./src/_write.o
LOAD ./src/main.o
LOAD ./src/stm32f4xx_hal_msp.o
LOAD c:/stm32_eclipse/stm32toolchain/gnu-arm/5.4 2016q3/bin/../lib/gcc/arm-none-eabi/5.4.1/../../../../arm-none-eabi/lib/armv7e-m\libstdc++_nano.a
LOAD c:/stm32_eclipse/stm32toolchain/gnu-arm/5.4 2016q3/bin/../lib/gcc/arm-none-eabi/5.4.1/../../../../arm-none-eabi/lib/armv7e-m\libm.a
START GROUP
LOAD c:/stm32_eclipse/stm32toolchain/gnu-arm/5.4 2016q3/bin/../lib/gcc/arm-none-eabi/5.4.1/armv7e-m\libgcc.a
LOAD c:/stm32_eclipse/stm32toolchain/gnu-arm/5.4 2016q3/bin/../lib/gcc/arm-none-eabi/5.4.1/../../../../arm-none-eabi/lib/armv7e-m\libg_nano.a
LOAD c:/stm32_eclipse/stm32toolchain/gnu-arm/5.4 2016q3/bin/../lib/gcc/arm-none-eabi/5.4.1/../../../../arm-none-eabi/lib/armv7e-m\libc_nano.a
END GROUP
START GROUP
LOAD c:/stm32_eclipse/stm32toolchain/gnu-arm/5.4 2016q3/bin/../lib/gcc/arm-none-eabi/5.4.1/armv7e-m\libgcc.a
LOAD c:/stm32_eclipse/stm32toolchain/gnu-arm/5.4 2016q3/bin/../lib/gcc/arm-none-eabi/5.4.1/../../../../arm-none-eabi/lib/armv7e-m\libc_nano.a
END GROUP
                0x20020000                __stack = (ORIGIN (RAM) + LENGTH (RAM))
                0x20020000                _estack = __stack
                0x00000400                __Main_Stack_Size = 0x400
                [!provide]                PROVIDE (_Main_Stack_Size, __Main_Stack_Size)
                0x2001fc00                __Main_Stack_Limit = (__stack - __Main_Stack_Size)
                [!provide]                PROVIDE (_Main_Stack_Limit, __Main_Stack_Limit)
                0x00000100                _Minimum_Stack_Size = 0x100
                0x2000011c                PROVIDE (_Heap_Begin, _end_noinit)
                0x2001fc00                PROVIDE (_Heap_Limit, (__stack - __Main_Stack_Size))

.isr_vector     0x08000000      0x3c0
 FILL mask 0xff
                0x08000000                __vectors_start = ABSOLUTE (.)
                0x08000000                __vectors_start__ = ABSOLUTE (.)
 *(.isr_vector)
 .isr_vector    0x08000000      0x188 ./system/src/cmsis/vectors_stm32f405xx.o
                0x08000000                __isr_vectors
 *(.cfmconfig)
 *(.after_vectors .after_vectors.*)
 .after_vectors
                0x08000188      0x130 ./system/src/newlib/_startup.o
                0x08000188                _start
 .after_vectors
                0x080002b8      0x104 ./system/src/cortexm/exception_handlers.o
                0x080002b8                Reset_Handler
                0x080002c0                NMI_Handler
                0x080002c4                HardFault_Handler
                0x080002d8                HardFault_Handler_C
                0x0800030c                MemManage_Handler
                0x08000310                BusFault_Handler
                0x08000324                BusFault_Handler_C
                0x08000358                UsageFault_Handler
                0x0800036c                UsageFault_Handler_C
                0x080003a0                SVC_Handler
                0x080003a4                DebugMon_Handler
                0x080003a8                PendSV_Handler
 .after_vectors
                0x080003bc        0x4 ./system/src/cmsis/vectors_stm32f405xx.o
                0x080003bc                RTC_Alarm_IRQHandler
                0x080003bc                HASH_RNG_IRQHandler
                0x080003bc                EXTI2_IRQHandler
                0x080003bc                TIM8_CC_IRQHandler
                0x080003bc                TIM1_CC_IRQHandler
                0x080003bc                DMA2_Stream5_IRQHandler
                0x080003bc                DMA1_Stream5_IRQHandler
                0x080003bc                PVD_IRQHandler
                0x080003bc                SDIO_IRQHandler
                0x080003bc                TAMP_STAMP_IRQHandler
                0x080003bc                CAN2_RX1_IRQHandler
                0x080003bc                EXTI3_IRQHandler
                0x080003bc                TIM8_TRG_COM_TIM14_IRQHandler
                0x080003bc                TIM1_UP_TIM10_IRQHandler
                0x080003bc                TIM8_UP_TIM13_IRQHandler
                0x080003bc                I2C3_ER_IRQHandler
                0x080003bc                EXTI0_IRQHandler
                0x080003bc                I2C2_EV_IRQHandler
                0x080003bc                DMA1_Stream2_IRQHandler
                0x080003bc                CAN1_RX0_IRQHandler
                0x080003bc                FPU_IRQHandler
                0x080003bc                OTG_HS_WKUP_IRQHandler
                0x080003bc                CAN2_SCE_IRQHandler
                0x080003bc                DMA2_Stream2_IRQHandler
                0x080003bc                SPI1_IRQHandler
                0x080003bc                TIM6_DAC_IRQHandler
                0x080003bc                TIM1_BRK_TIM9_IRQHandler
                0x080003bc                CAN2_RX0_IRQHandler
                0x080003bc                DMA2_Stream3_IRQHandler
                0x080003bc                USART6_IRQHandler
                0x080003bc                USART3_IRQHandler
                0x080003bc                CAN1_RX1_IRQHandler
                0x080003bc                UART5_IRQHandler
                0x080003bc                DMA2_Stream0_IRQHandler
                0x080003bc                TIM4_IRQHandler
                0x080003bc                I2C1_EV_IRQHandler
                0x080003bc                DMA1_Stream6_IRQHandler
                0x080003bc                DMA1_Stream1_IRQHandler
                0x080003bc                UART4_IRQHandler
                0x080003bc                TIM3_IRQHandler
                0x080003bc                RCC_IRQHandler
                0x080003bc                TIM8_BRK_TIM12_IRQHandler
                0x080003bc                Default_Handler
                0x080003bc                EXTI15_10_IRQHandler
                0x080003bc                ADC_IRQHandler
                0x080003bc                DMA1_Stream7_IRQHandler
                0x080003bc                TIM7_IRQHandler
                0x080003bc                CAN2_TX_IRQHandler
                0x080003bc                TIM5_IRQHandler
                0x080003bc                DMA2_Stream7_IRQHandler
                0x080003bc                I2C3_EV_IRQHandler
                0x080003bc                EXTI9_5_IRQHandler
                0x080003bc                RTC_WKUP_IRQHandler
                0x080003bc                SPI2_IRQHandler
                0x080003bc                OTG_HS_EP1_IN_IRQHandler
                0x080003bc                DMA1_Stream0_IRQHandler
                0x080003bc                CAN1_TX_IRQHandler
                0x080003bc                EXTI4_IRQHandler
                0x080003bc                OTG_HS_EP1_OUT_IRQHandler
                0x080003bc                WWDG_IRQHandler
                0x080003bc                TIM2_IRQHandler
                0x080003bc                OTG_FS_WKUP_IRQHandler
                0x080003bc                TIM1_TRG_COM_TIM11_IRQHandler
                0x080003bc                OTG_HS_IRQHandler
                0x080003bc                EXTI1_IRQHandler
                0x080003bc                USART2_IRQHandler
                0x080003bc                I2C2_ER_IRQHandler
                0x080003bc                DMA2_Stream1_IRQHandler
                0x080003bc                CAN1_SCE_IRQHandler
                0x080003bc                FLASH_IRQHandler
                0x080003bc                DMA2_Stream4_IRQHandler
                0x080003bc                USART1_IRQHandler
                0x080003bc                OTG_FS_IRQHandler
                0x080003bc                SPI3_IRQHandler
                0x080003bc                DMA1_Stream4_IRQHandler
                0x080003bc                I2C1_ER_IRQHandler
                0x080003bc                FMC_IRQHandler
                0x080003bc                DMA2_Stream6_IRQHandler
                0x080003bc                DMA1_Stream3_IRQHandler

.inits          0x080003c0       0x28
                0x080003c0                __data_regions_array_start = .
                0x080003c0        0x4 LONG 0x8001cf4 LOADADDR (.data)
                0x080003c4        0x4 LONG 0x20000000 ADDR (.data)
                0x080003c8        0x4 LONG 0x20000078 (ADDR (.data) + SIZEOF (.data))
                0x080003cc        0x4 LONG 0x8001cf4 LOADADDR (.data_CCMRAM)
                0x080003d0        0x4 LONG 0x10000000 ADDR (.data_CCMRAM)
                0x080003d4        0x4 LONG 0x10000000 (ADDR (.data_CCMRAM) + SIZEOF (.data_CCMRAM))
                0x080003d8                __data_regions_array_end = .
                0x080003d8                __bss_regions_array_start = .
                0x080003d8        0x4 LONG 0x20000078 ADDR (.bss)
                0x080003dc        0x4 LONG 0x2000011c (ADDR (.bss) + SIZEOF (.bss))
                0x080003e0        0x4 LONG 0x10000000 ADDR (.bss_CCMRAM)
                0x080003e4        0x4 LONG 0x10000000 (ADDR (.bss_CCMRAM) + SIZEOF (.bss_CCMRAM))
                0x080003e8                __bss_regions_array_end = .
 *(.init)
 *(.fini)
                0x080003e8                . = ALIGN (0x4)
                0x080003e8                PROVIDE (__preinit_array_start, .)
 *(.preinit_array_sysinit .preinit_array_sysinit.*)
 *(.preinit_array_platform .preinit_array_platform.*)
 *(.preinit_array .preinit_array.*)
                0x080003e8                PROVIDE (__preinit_array_end, .)
                0x080003e8                . = ALIGN (0x4)
                0x080003e8                PROVIDE (__init_array_start, .)
 *(SORT(.init_array.*))
 *(.init_array)
                0x080003e8                PROVIDE (__init_array_end, .)
                0x080003e8                . = ALIGN (0x4)
                0x080003e8                PROVIDE (__fini_array_start, .)
 *(SORT(.fini_array.*))
 *(.fini_array)
                0x080003e8                PROVIDE (__fini_array_end, .)

.flashtext
 *(.flashtext .flashtext.*)

.text           0x080003f0     0x1903
 *(.text .text.*)
 .text.HAL_InitTick
                0x080003f0       0x2c ./system/src/stm32f4-hal/stm32f4xx_hal.o
                0x080003f0                HAL_InitTick
 .text.HAL_Init
                0x0800041c       0x34 ./system/src/stm32f4-hal/stm32f4xx_hal.o
                0x0800041c                HAL_Init
 .text.HAL_IncTick
                0x08000450       0x10 ./system/src/stm32f4-hal/stm32f4xx_hal.o
                0x08000450                HAL_IncTick
 .text.HAL_GetTick
                0x08000460        0xc ./system/src/stm32f4-hal/stm32f4xx_hal.o
                0x08000460                HAL_GetTick
 .text.HAL_NVIC_SetPriorityGrouping
                0x0800046c       0x3c ./system/src/stm32f4-hal/stm32f4xx_hal_cortex.o
                0x0800046c                HAL_NVIC_SetPriorityGrouping
 .text.HAL_NVIC_SetPriority
                0x080004a8       0x84 ./system/src/stm32f4-hal/stm32f4xx_hal_cortex.o
                0x080004a8                HAL_NVIC_SetPriority
 .text.HAL_SYSTICK_Config
                0x0800052c       0x2c ./system/src/stm32f4-hal/stm32f4xx_hal_cortex.o
                0x0800052c                HAL_SYSTICK_Config
 .text.HAL_SYSTICK_CLKSourceConfig
                0x08000558       0x38 ./system/src/stm32f4-hal/stm32f4xx_hal_cortex.o
                0x08000558                HAL_SYSTICK_CLKSourceConfig
 .text.HAL_RCC_OscConfig
                0x08000590      0x448 ./system/src/stm32f4-hal/stm32f4xx_hal_rcc.o
                0x08000590                HAL_RCC_OscConfig
 .text.HAL_RCC_GetSysClockFreq
                0x080009d8       0xa0 ./system/src/stm32f4-hal/stm32f4xx_hal_rcc.o
                0x080009d8                HAL_RCC_GetSysClockFreq
 .text.HAL_RCC_ClockConfig
                0x08000a78      0x264 ./system/src/stm32f4-hal/stm32f4xx_hal_rcc.o
                0x08000a78                HAL_RCC_ClockConfig
 .text.HAL_RCC_GetHCLKFreq
                0x08000cdc        0xc ./system/src/stm32f4-hal/stm32f4xx_hal_rcc.o
                0x08000cdc                HAL_RCC_GetHCLKFreq
 .text._exit    0x08000ce8        0x4 ./system/src/newlib/_exit.o
                0x08000ce8                _exit
 .text.abort    0x08000cec       0x14 ./system/src/newlib/_exit.o
                0x08000cec                abort
 .text._sbrk    0x08000d00       0x44 ./system/src/newlib/_sbrk.o
                0x08000d00                _sbrk
 .text.__initialize_args
                0x08000d44       0x10 ./system/src/newlib/_syscalls.o
                0x08000d44                __initialize_args
 .text.assert_failed
                0x08000d54       0x14 ./system/src/newlib/assert.o
                0x08000d54                assert_failed
 .text.trace_printf
                0x08000d68       0x30 ./system/src/diag/Trace.o
                0x08000d68                trace_printf
 .text.trace_puts
                0x08000d98       0x20 ./system/src/diag/Trace.o
                0x08000d98                trace_puts
 .text._trace_write_itm
                0x08000db8       0x48 ./system/src/diag/trace_impl.o
 .text.trace_write
                0x08000e00        0x8 ./system/src/diag/trace_impl.o
                0x08000e00                trace_write
 .text.__initialize_hardware_early
                0x08000e08       0x18 ./system/src/cortexm/_initialize_hardware.o
                0x08000e08                __initialize_hardware_early
 .text.dumpExceptionStack
                0x08000e20       0xf0 ./system/src/cortexm/exception_handlers.o
                0x08000e20                dumpExceptionStack
 .text.SystemInit
                0x08000f10       0x40 ./system/src/cmsis/system_stm32f4xx.o
                0x08000f10                SystemInit
 .text.SystemCoreClockUpdate
                0x08000f50       0xa0 ./system/src/cmsis/system_stm32f4xx.o
                0x08000f50                SystemCoreClockUpdate
 .text.timer_tick
                0x08000ff0       0x14 ./src/Timer.o
                0x08000ff0                timer_tick
 .text.SysTick_Handler
                0x08001004        0xc ./src/Timer.o
                0x08001004                SysTick_Handler
 .text.SystemClock_Config
                0x08001010       0xa8 ./src/_initialize_hardware.o
                0x08001010                SystemClock_Config
 .text.__initialize_hardware
                0x080010b8       0x10 ./src/_initialize_hardware.o
                0x080010b8                __initialize_hardware
 .text.main     0x080010c8       0x48 ./src/main.o
                0x080010c8                main
 .text.HAL_MspInit
                0x08001110        0x4 ./src/stm32f4xx_hal_msp.o
                0x08001110                HAL_MspInit
 .text.__errno  0x08001114        0xc c:/stm32_eclipse/stm32toolchain/gnu-arm/5.4 2016q3/bin/../lib/gcc/arm-none-eabi/5.4.1/../../../../arm-none-eabi/lib/armv7e-m\libg_nano.a(lib_a-errno.o)
                0x08001114                __errno
 .text          0x08001120       0x10 c:/stm32_eclipse/stm32toolchain/gnu-arm/5.4 2016q3/bin/../lib/gcc/arm-none-eabi/5.4.1/../../../../arm-none-eabi/lib/armv7e-m\libg_nano.a(lib_a-strlen.o)
                0x08001120                strlen
 .text._vsnprintf_r
                0x08001130       0x56 c:/stm32_eclipse/stm32toolchain/gnu-arm/5.4 2016q3/bin/../lib/gcc/arm-none-eabi/5.4.1/../../../../arm-none-eabi/lib/armv7e-m\libg_nano.a(lib_a-vsnprintf.o)
                0x08001130                _vsniprintf_r
                0x08001130                _vsnprintf_r
 *fill*         0x08001186        0x2 
 .text.vsnprintf
                0x08001188       0x1c c:/stm32_eclipse/stm32toolchain/gnu-arm/5.4 2016q3/bin/../lib/gcc/arm-none-eabi/5.4.1/../../../../arm-none-eabi/lib/armv7e-m\libg_nano.a(lib_a-vsnprintf.o)
                0x08001188                vsniprintf
                0x08001188                vsnprintf
 .text.__ssputs_r
                0x080011a4       0xb2 c:/stm32_eclipse/stm32toolchain/gnu-arm/5.4 2016q3/bin/../lib/gcc/arm-none-eabi/5.4.1/../../../../arm-none-eabi/lib/armv7e-m\libg_nano.a(lib_a-nano-svfprintf.o)
                0x080011a4                __ssputs_r
 *fill*         0x08001256        0x2 
 .text._svfprintf_r
                0x08001258      0x1e8 c:/stm32_eclipse/stm32toolchain/gnu-arm/5.4 2016q3/bin/../lib/gcc/arm-none-eabi/5.4.1/../../../../arm-none-eabi/lib/armv7e-m\libg_nano.a(lib_a-nano-svfprintf.o)
                0x08001258                _svfiprintf_r
                0x08001258                _svfprintf_r
 .text._printf_common
                0x08001440       0xec c:/stm32_eclipse/stm32toolchain/gnu-arm/5.4 2016q3/bin/../lib/gcc/arm-none-eabi/5.4.1/../../../../arm-none-eabi/lib/armv7e-m\libg_nano.a(lib_a-nano-vfprintf_i.o)
                0x08001440                _printf_common
 .text._printf_i
                0x0800152c      0x24c c:/stm32_eclipse/stm32toolchain/gnu-arm/5.4 2016q3/bin/../lib/gcc/arm-none-eabi/5.4.1/../../../../arm-none-eabi/lib/armv7e-m\libg_nano.a(lib_a-nano-vfprintf_i.o)
                0x0800152c                _printf_i
 *fill*         0x08001778        0x8 
 .text          0x08001780       0xa0 c:/stm32_eclipse/stm32toolchain/gnu-arm/5.4 2016q3/bin/../lib/gcc/arm-none-eabi/5.4.1/../../../../arm-none-eabi/lib/armv7e-m\libg_nano.a(lib_a-memchr.o)
                0x08001780                memchr
 .text.memcpy   0x08001820       0x16 c:/stm32_eclipse/stm32toolchain/gnu-arm/5.4 2016q3/bin/../lib/gcc/arm-none-eabi/5.4.1/../../../../arm-none-eabi/lib/armv7e-m\libg_nano.a(lib_a-memcpy-stub.o)
                0x08001820                memcpy
 .text.memmove  0x08001836       0x36 c:/stm32_eclipse/stm32toolchain/gnu-arm/5.4 2016q3/bin/../lib/gcc/arm-none-eabi/5.4.1/../../../../arm-none-eabi/lib/armv7e-m\libg_nano.a(lib_a-memmove.o)
                0x08001836                memmove
 .text._free_r  0x0800186c       0x9c c:/stm32_eclipse/stm32toolchain/gnu-arm/5.4 2016q3/bin/../lib/gcc/arm-none-eabi/5.4.1/../../../../arm-none-eabi/lib/armv7e-m\libg_nano.a(lib_a-nano-freer.o)
                0x0800186c                _free_r
 .text._malloc_r
                0x08001908       0xbc c:/stm32_eclipse/stm32toolchain/gnu-arm/5.4 2016q3/bin/../lib/gcc/arm-none-eabi/5.4.1/../../../../arm-none-eabi/lib/armv7e-m\libg_nano.a(lib_a-nano-mallocr.o)
                0x08001908                _malloc_r
 .text._realloc_r
                0x080019c4       0x4c c:/stm32_eclipse/stm32toolchain/gnu-arm/5.4 2016q3/bin/../lib/gcc/arm-none-eabi/5.4.1/../../../../arm-none-eabi/lib/armv7e-m\libg_nano.a(lib_a-nano-reallocr.o)
                0x080019c4                _realloc_r
 .text._sbrk_r  0x08001a10       0x20 c:/stm32_eclipse/stm32toolchain/gnu-arm/5.4 2016q3/bin/../lib/gcc/arm-none-eabi/5.4.1/../../../../arm-none-eabi/lib/armv7e-m\libg_nano.a(lib_a-sbrkr.o)
                0x08001a10                _sbrk_r
 .text.__malloc_lock
                0x08001a30        0x2 c:/stm32_eclipse/stm32toolchain/gnu-arm/5.4 2016q3/bin/../lib/gcc/arm-none-eabi/5.4.1/../../../../arm-none-eabi/lib/armv7e-m\libg_nano.a(lib_a-mlock.o)
                0x08001a30                __malloc_lock
 .text.__malloc_unlock
                0x08001a32        0x2 c:/stm32_eclipse/stm32toolchain/gnu-arm/5.4 2016q3/bin/../lib/gcc/arm-none-eabi/5.4.1/../../../../arm-none-eabi/lib/armv7e-m\libg_nano.a(lib_a-mlock.o)
                0x08001a32                __malloc_unlock
 .text._malloc_usable_size_r
                0x08001a34       0x14 c:/stm32_eclipse/stm32toolchain/gnu-arm/5.4 2016q3/bin/../lib/gcc/arm-none-eabi/5.4.1/../../../../arm-none-eabi/lib/armv7e-m\libg_nano.a(lib_a-nano-msizer.o)
                0x08001a34                _malloc_usable_size_r
 *(.rodata .rodata.* .constdata .constdata.*)
 .rodata.str1.4
                0x08001a48       0x31 ./system/src/stm32f4-hal/stm32f4xx_hal_cortex.o
 *fill*         0x08001a79        0x3 
 .rodata.APBAHBPrescTable
                0x08001a7c       0x10 ./system/src/stm32f4-hal/stm32f4xx_hal_rcc.o
                0x08001a7c                APBAHBPrescTable
 .rodata.str1.4
                0x08001a8c       0x2e ./system/src/stm32f4-hal/stm32f4xx_hal_rcc.o
 *fill*         0x08001aba        0x2 
 .rodata.str1.4
                0x08001abc       0x14 ./system/src/newlib/_exit.o
 .rodata.str1.4
                0x08001ad0       0x6b ./system/src/newlib/assert.o
                                 0x6f (size before relaxing)
 *fill*         0x08001b3b        0x1 
 .rodata.str1.4
                0x08001b3c       0x29 ./system/src/diag/Trace.o
                                 0x2d (size before relaxing)
 *fill*         0x08001b65        0x3 
 .rodata.str1.4
                0x08001b68      0x148 ./system/src/cortexm/exception_handlers.o
                                0x146 (size before relaxing)
 .rodata.AHBPrescTable
                0x08001cb0       0x10 ./system/src/cmsis/system_stm32f4xx.o
                0x08001cb0                AHBPrescTable
 .rodata.str1.1
                0x08001cc0       0x11 c:/stm32_eclipse/stm32toolchain/gnu-arm/5.4 2016q3/bin/../lib/gcc/arm-none-eabi/5.4.1/../../../../arm-none-eabi/lib/armv7e-m\libg_nano.a(lib_a-nano-svfprintf.o)
 .rodata.str1.1
                0x08001cd1       0x22 c:/stm32_eclipse/stm32toolchain/gnu-arm/5.4 2016q3/bin/../lib/gcc/arm-none-eabi/5.4.1/../../../../arm-none-eabi/lib/armv7e-m\libg_nano.a(lib_a-nano-vfprintf_i.o)
 *(vtable)
 *(.eh_frame*)
 *(.glue_7)
 .glue_7        0x08001cf3        0x0 linker stubs
 *(.glue_7t)
 .glue_7t       0x08001cf3        0x0 linker stubs

.vfp11_veneer   0x08001cf4        0x0
 .vfp11_veneer  0x08001cf4        0x0 linker stubs

.v4_bx          0x08001cf4        0x0
 .v4_bx         0x08001cf4        0x0 linker stubs

.iplt           0x08001cf4        0x0
 .iplt          0x08001cf4        0x0 ./system/src/stm32f4-hal/stm32f4xx_hal.o

.rel.dyn        0x08001cf4        0x0
 .rel.iplt      0x08001cf4        0x0 ./system/src/stm32f4-hal/stm32f4xx_hal.o

.ARM.extab
 *(.ARM.extab* .gnu.linkonce.armextab.*)
                0x08001cf4                . = ALIGN (0x4)
                0x08001cf4                __exidx_start = .

.ARM.exidx
 *(.ARM.exidx* .gnu.linkonce.armexidx.*)
                0x08001cf4                __exidx_end = .
                0x08001cf4                . = ALIGN (0x4)
                0x08001cf4                _etext = .
                0x08001cf4                __etext = .

.data_CCMRAM    0x10000000        0x0 load address 0x08001cf4
 FILL mask 0xff
 *(.data.CCMRAM .data.CCMRAM.*)
                0x10000000                . = ALIGN (0x4)
                0x08001cf4                _sidata = LOADADDR (.data)

.data           0x20000000       0x78 load address 0x08001cf4
 FILL mask 0xff
                0x20000000                _sdata = .
                0x20000000                __data_start__ = .
 *(.data_begin .data_begin.*)
 .data_begin    0x20000000        0x4 ./system/src/newlib/_startup.o
 *(.data .data.*)
 .data.argv.4290
                0x20000004        0x8 ./system/src/newlib/_syscalls.o
 .data.SystemCoreClock
                0x2000000c        0x4 ./system/src/cmsis/system_stm32f4xx.o
                0x2000000c                SystemCoreClock
 .data.impure_data
                0x20000010       0x60 c:/stm32_eclipse/stm32toolchain/gnu-arm/5.4 2016q3/bin/../lib/gcc/arm-none-eabi/5.4.1/../../../../arm-none-eabi/lib/armv7e-m\libg_nano.a(lib_a-impure.o)
 .data._impure_ptr
                0x20000070        0x4 c:/stm32_eclipse/stm32toolchain/gnu-arm/5.4 2016q3/bin/../lib/gcc/arm-none-eabi/5.4.1/../../../../arm-none-eabi/lib/armv7e-m\libg_nano.a(lib_a-impure.o)
                0x20000070                _impure_ptr
 *(.data_end .data_end.*)
 .data_end      0x20000074        0x4 ./system/src/newlib/_startup.o
                0x20000078                . = ALIGN (0x4)
                0x20000078                _edata = .
                0x20000078                __data_end__ = .

.igot.plt       0x20000078        0x0 load address 0x08001d6c
 .igot.plt      0x20000078        0x0 ./system/src/stm32f4-hal/stm32f4xx_hal.o

.bss_CCMRAM     0x10000000        0x0
 *(.bss.CCMRAM .bss.CCMRAM.*)

.bss            0x20000078       0xa4
                0x20000078                __bss_start__ = .
                0x20000078                _sbss = .
 *(.bss_begin .bss_begin.*)
 .bss_begin     0x20000078        0x4 ./system/src/newlib/_startup.o
 *(.bss .bss.*)
 .bss.current_heap_end.3974
                0x2000007c        0x4 ./system/src/newlib/_sbrk.o
 .bss.name.4289
                0x20000080        0x1 ./system/src/newlib/_syscalls.o
 *fill*         0x20000081        0x3 
 .bss.buf.5179  0x20000084       0x80 ./system/src/diag/Trace.o
 .bss.__malloc_sbrk_start
                0x20000104        0x4 c:/stm32_eclipse/stm32toolchain/gnu-arm/5.4 2016q3/bin/../lib/gcc/arm-none-eabi/5.4.1/../../../../arm-none-eabi/lib/armv7e-m\libg_nano.a(lib_a-nano-mallocr.o)
                0x20000104                __malloc_sbrk_start
 .bss.__malloc_free_list
                0x20000108        0x4 c:/stm32_eclipse/stm32toolchain/gnu-arm/5.4 2016q3/bin/../lib/gcc/arm-none-eabi/5.4.1/../../../../arm-none-eabi/lib/armv7e-m\libg_nano.a(lib_a-nano-mallocr.o)
                0x20000108                __malloc_free_list
 *(COMMON)
 COMMON         0x2000010c        0x4 ./system/src/stm32f4-hal/stm32f4xx_hal.o
                0x2000010c                uwTick
 COMMON         0x20000110        0x4 ./system/src/newlib/_syscalls.o
                0x20000110                errno
 COMMON         0x20000114        0x4 ./src/Timer.o
                0x20000114                timer_delayCount
 *(.bss_end .bss_end.*)
 .bss_end       0x20000118        0x4 ./system/src/newlib/_startup.o
                0x2000011c                . = ALIGN (0x4)
                0x2000011c                __bss_end__ = .
                0x2000011c                _ebss = .

.noinit_CCMRAM
 *(.noinit.CCMRAM .noinit.CCMRAM.*)

.noinit         0x2000011c        0x0
                0x2000011c                _noinit = .
 *(.noinit .noinit.*)
                0x2000011c                . = ALIGN (0x4)
                0x2000011c                _end_noinit = .
                [!provide]                PROVIDE (end, _end_noinit)
                [!provide]                PROVIDE (_end, _end_noinit)
                [!provide]                PROVIDE (__end, _end_noinit)
                [!provide]                PROVIDE (__end__, _end_noinit)

._check_stack   0x2000011c      0x100
                0x2000021c                . = (. + _Minimum_Stack_Size)
 *fill*         0x2000011c      0x100 

.b1text
 *(.b1text)
 *(.b1rodata)
 *(.b1rodata.*)

.eb0text
 *(.eb0text)
 *(.eb0rodata)
 *(.eb0rodata.*)

.eb1text
 *(.eb1text)
 *(.eb1rodata)
 *(.eb1rodata.*)

.eb2text
 *(.eb2text)
 *(.eb2rodata)
 *(.eb2rodata.*)

.eb3text
 *(.eb3text)
 *(.eb3rodata)
 *(.eb3rodata.*)

.stab
 *(.stab)

.stabstr
 *(.stabstr)

.stab.excl
 *(.stab.excl)

.stab.exclstr
 *(.stab.exclstr)

.stab.index
 *(.stab.index)

.stab.indexstr
 *(.stab.indexstr)

.comment        0x00000000       0x6e
 *(.comment)
 .comment       0x00000000       0x6e ./system/src/stm32f4-hal/stm32f4xx_hal.o
                                 0x6f (size before relaxing)
 .comment       0x0000006e       0x6f ./system/src/stm32f4-hal/stm32f4xx_hal_cortex.o
 .comment       0x0000006e       0x6f ./system/src/stm32f4-hal/stm32f4xx_hal_rcc.o
 .comment       0x0000006e       0x6f ./system/src/newlib/_exit.o
 .comment       0x0000006e       0x6f ./system/src/newlib/_sbrk.o
 .comment       0x0000006e       0x6f ./system/src/newlib/_startup.o
 .comment       0x0000006e       0x6f ./system/src/newlib/_syscalls.o
 .comment       0x0000006e       0x6f ./system/src/newlib/assert.o
 .comment       0x0000006e       0x6f ./system/src/diag/Trace.o
 .comment       0x0000006e       0x6f ./system/src/diag/trace_impl.o
 .comment       0x0000006e       0x6f ./system/src/cortexm/_initialize_hardware.o
 .comment       0x0000006e       0x6f ./system/src/cortexm/exception_handlers.o
 .comment       0x0000006e       0x6f ./system/src/cmsis/system_stm32f4xx.o
 .comment       0x0000006e       0x6f ./system/src/cmsis/vectors_stm32f405xx.o
 .comment       0x0000006e       0x6f ./src/Timer.o
 .comment       0x0000006e       0x6f ./src/_initialize_hardware.o
 .comment       0x0000006e       0x6f ./src/main.o
 .comment       0x0000006e       0x6f ./src/stm32f4xx_hal_msp.o

.ARM.attributes
                0x00000000       0x31
 .ARM.attributes
                0x00000000       0x33 ./system/src/stm32f4-hal/stm32f4xx_hal.o
 .ARM.attributes
                0x00000033       0x33 ./system/src/stm32f4-hal/stm32f4xx_hal_cortex.o
 .ARM.attributes
                0x00000066       0x33 ./system/src/stm32f4-hal/stm32f4xx_hal_rcc.o
 .ARM.attributes
                0x00000099       0x33 ./system/src/newlib/_exit.o
 .ARM.attributes
                0x000000cc       0x33 ./system/src/newlib/_sbrk.o
 .ARM.attributes
                0x000000ff       0x33 ./system/src/newlib/_startup.o
 .ARM.attributes
                0x00000132       0x33 ./system/src/newlib/_syscalls.o
 .ARM.attributes
                0x00000165       0x33 ./system/src/newlib/assert.o
 .ARM.attributes
                0x00000198       0x33 ./system/src/diag/Trace.o
 .ARM.attributes
                0x000001cb       0x33 ./system/src/diag/trace_impl.o
 .ARM.attributes
                0x000001fe       0x33 ./system/src/cortexm/_initialize_hardware.o
 .ARM.attributes
                0x00000231       0x33 ./system/src/cortexm/exception_handlers.o
 .ARM.attributes
                0x00000264       0x33 ./system/src/cmsis/system_stm32f4xx.o
 .ARM.attributes
                0x00000297       0x33 ./system/src/cmsis/vectors_stm32f405xx.o
 .ARM.attributes
                0x000002ca       0x33 ./src/Timer.o
 .ARM.attributes
                0x000002fd       0x33 ./src/_initialize_hardware.o
 .ARM.attributes
                0x00000330       0x33 ./src/main.o
 .ARM.attributes
                0x00000363       0x33 ./src/stm32f4xx_hal_msp.o
 .ARM.attributes
                0x00000396       0x2e c:/stm32_eclipse/stm32toolchain/gnu-arm/5.4 2016q3/bin/../lib/gcc/arm-none-eabi/5.4.1/../../../../arm-none-eabi/lib/armv7e-m\libg_nano.a(lib_a-errno.o)
 .ARM.attributes
                0x000003c4       0x2e c:/stm32_eclipse/stm32toolchain/gnu-arm/5.4 2016q3/bin/../lib/gcc/arm-none-eabi/5.4.1/../../../../arm-none-eabi/lib/armv7e-m\libg_nano.a(lib_a-impure.o)
 .ARM.attributes
                0x000003f2       0x17 c:/stm32_eclipse/stm32toolchain/gnu-arm/5.4 2016q3/bin/../lib/gcc/arm-none-eabi/5.4.1/../../../../arm-none-eabi/lib/armv7e-m\libg_nano.a(lib_a-strlen.o)
 .ARM.attributes
                0x00000409       0x2e c:/stm32_eclipse/stm32toolchain/gnu-arm/5.4 2016q3/bin/../lib/gcc/arm-none-eabi/5.4.1/../../../../arm-none-eabi/lib/armv7e-m\libg_nano.a(lib_a-vsnprintf.o)
 .ARM.attributes
                0x00000437       0x2e c:/stm32_eclipse/stm32toolchain/gnu-arm/5.4 2016q3/bin/../lib/gcc/arm-none-eabi/5.4.1/../../../../arm-none-eabi/lib/armv7e-m\libg_nano.a(lib_a-nano-svfprintf.o)
 .ARM.attributes
                0x00000465       0x2e c:/stm32_eclipse/stm32toolchain/gnu-arm/5.4 2016q3/bin/../lib/gcc/arm-none-eabi/5.4.1/../../../../arm-none-eabi/lib/armv7e-m\libg_nano.a(lib_a-nano-vfprintf_i.o)
 .ARM.attributes
                0x00000493       0x1c c:/stm32_eclipse/stm32toolchain/gnu-arm/5.4 2016q3/bin/../lib/gcc/arm-none-eabi/5.4.1/../../../../arm-none-eabi/lib/armv7e-m\libg_nano.a(lib_a-memchr.o)
 .ARM.attributes
                0x000004af       0x2e c:/stm32_eclipse/stm32toolchain/gnu-arm/5.4 2016q3/bin/../lib/gcc/arm-none-eabi/5.4.1/../../../../arm-none-eabi/lib/armv7e-m\libg_nano.a(lib_a-memcpy-stub.o)
 .ARM.attributes
                0x000004dd       0x2e c:/stm32_eclipse/stm32toolchain/gnu-arm/5.4 2016q3/bin/../lib/gcc/arm-none-eabi/5.4.1/../../../../arm-none-eabi/lib/armv7e-m\libg_nano.a(lib_a-memmove.o)
 .ARM.attributes
                0x0000050b       0x2e c:/stm32_eclipse/stm32toolchain/gnu-arm/5.4 2016q3/bin/../lib/gcc/arm-none-eabi/5.4.1/../../../../arm-none-eabi/lib/armv7e-m\libg_nano.a(lib_a-nano-freer.o)
 .ARM.attributes
                0x00000539       0x2e c:/stm32_eclipse/stm32toolchain/gnu-arm/5.4 2016q3/bin/../lib/gcc/arm-none-eabi/5.4.1/../../../../arm-none-eabi/lib/armv7e-m\libg_nano.a(lib_a-nano-mallocr.o)
 .ARM.attributes
                0x00000567       0x2e c:/stm32_eclipse/stm32toolchain/gnu-arm/5.4 2016q3/bin/../lib/gcc/arm-none-eabi/5.4.1/../../../../arm-none-eabi/lib/armv7e-m\libg_nano.a(lib_a-nano-reallocr.o)
 .ARM.attributes
                0x00000595       0x2e c:/stm32_eclipse/stm32toolchain/gnu-arm/5.4 2016q3/bin/../lib/gcc/arm-none-eabi/5.4.1/../../../../arm-none-eabi/lib/armv7e-m\libg_nano.a(lib_a-sbrkr.o)
 .ARM.attributes
                0x000005c3       0x2e c:/stm32_eclipse/stm32toolchain/gnu-arm/5.4 2016q3/bin/../lib/gcc/arm-none-eabi/5.4.1/../../../../arm-none-eabi/lib/armv7e-m\libg_nano.a(lib_a-mlock.o)
 .ARM.attributes
                0x000005f1       0x2e c:/stm32_eclipse/stm32toolchain/gnu-arm/5.4 2016q3/bin/../lib/gcc/arm-none-eabi/5.4.1/../../../../arm-none-eabi/lib/armv7e-m\libg_nano.a(lib_a-nano-msizer.o)

.debug
 *(.debug)

.line
 *(.line)

.debug_srcinfo
 *(.debug_srcinfo)

.debug_sfnames
 *(.debug_sfnames)

.debug_aranges  0x00000000      0x4d8
 *(.debug_aranges)
 .debug_aranges
                0x00000000       0xc0 ./system/src/stm32f4-hal/stm32f4xx_hal.o
 .debug_aranges
                0x000000c0       0x98 ./system/src/stm32f4-hal/stm32f4xx_hal_cortex.o
 .debug_aranges
                0x00000158       0x88 ./system/src/stm32f4-hal/stm32f4xx_hal_rcc.o
 .debug_aranges
                0x000001e0       0x28 ./system/src/newlib/_exit.o
 .debug_aranges
                0x00000208       0x20 ./system/src/newlib/_sbrk.o
 .debug_aranges
                0x00000228       0x40 ./system/src/newlib/_startup.o
 .debug_aranges
                0x00000268       0x30 ./system/src/newlib/_syscalls.o
 .debug_aranges
                0x00000298       0x28 ./system/src/newlib/assert.o
 .debug_aranges
                0x000002c0       0x38 ./system/src/diag/Trace.o
 .debug_aranges
                0x000002f8       0x30 ./system/src/diag/trace_impl.o
 .debug_aranges
                0x00000328       0x28 ./system/src/cortexm/_initialize_hardware.o
 .debug_aranges
                0x00000350       0x88 ./system/src/cortexm/exception_handlers.o
 .debug_aranges
                0x000003d8       0x28 ./system/src/cmsis/system_stm32f4xx.o
 .debug_aranges
                0x00000400       0x20 ./system/src/cmsis/vectors_stm32f405xx.o
 .debug_aranges
                0x00000420       0x38 ./src/Timer.o
 .debug_aranges
                0x00000458       0x28 ./src/_initialize_hardware.o
 .debug_aranges
                0x00000480       0x20 ./src/main.o
 .debug_aranges
                0x000004a0       0x38 ./src/stm32f4xx_hal_msp.o

.debug_pubnames
 *(.debug_pubnames)

.debug_info     0x00000000     0x5cc6
 *(.debug_info .gnu.linkonce.wi.*)
 .debug_info    0x00000000      0x8c7 ./system/src/stm32f4-hal/stm32f4xx_hal.o
 .debug_info    0x000008c7     0x10e2 ./system/src/stm32f4-hal/stm32f4xx_hal_cortex.o
 .debug_info    0x000019a9      0xf3d ./system/src/stm32f4-hal/stm32f4xx_hal_rcc.o
 .debug_info    0x000028e6       0xef ./system/src/newlib/_exit.o
 .debug_info    0x000029d5      0x11f ./system/src/newlib/_sbrk.o
 .debug_info    0x00002af4      0x4f2 ./system/src/newlib/_startup.o
 .debug_info    0x00002fe6      0x1c7 ./system/src/newlib/_syscalls.o
 .debug_info    0x000031ad      0x1a3 ./system/src/newlib/assert.o
 .debug_info    0x00003350      0x2e7 ./system/src/diag/Trace.o
 .debug_info    0x00003637      0x3d7 ./system/src/diag/trace_impl.o
 .debug_info    0x00003a0e      0x2bf ./system/src/cortexm/_initialize_hardware.o
 .debug_info    0x00003ccd      0x7b7 ./system/src/cortexm/exception_handlers.o
 .debug_info    0x00004484      0x4b9 ./system/src/cmsis/system_stm32f4xx.o
 .debug_info    0x0000493d       0xd1 ./system/src/cmsis/vectors_stm32f405xx.o
 .debug_info    0x00004a0e      0x726 ./src/Timer.o
 .debug_info    0x00005134      0x74c ./src/_initialize_hardware.o
 .debug_info    0x00005880      0x361 ./src/main.o
 .debug_info    0x00005be1       0xe5 ./src/stm32f4xx_hal_msp.o

.debug_abbrev   0x00000000     0x1884
 *(.debug_abbrev)
 .debug_abbrev  0x00000000      0x235 ./system/src/stm32f4-hal/stm32f4xx_hal.o
 .debug_abbrev  0x00000235      0x324 ./system/src/stm32f4-hal/stm32f4xx_hal_cortex.o
 .debug_abbrev  0x00000559      0x2d2 ./system/src/stm32f4-hal/stm32f4xx_hal_rcc.o
 .debug_abbrev  0x0000082b       0x8e ./system/src/newlib/_exit.o
 .debug_abbrev  0x000008b9       0xb9 ./system/src/newlib/_sbrk.o
 .debug_abbrev  0x00000972      0x1b6 ./system/src/newlib/_startup.o
 .debug_abbrev  0x00000b28       0xec ./system/src/newlib/_syscalls.o
 .debug_abbrev  0x00000c14       0xab ./system/src/newlib/assert.o
 .debug_abbrev  0x00000cbf      0x156 ./system/src/diag/Trace.o
 .debug_abbrev  0x00000e15      0x188 ./system/src/diag/trace_impl.o
 .debug_abbrev  0x00000f9d       0xea ./system/src/cortexm/_initialize_hardware.o
 .debug_abbrev  0x00001087      0x1d4 ./system/src/cortexm/exception_handlers.o
 .debug_abbrev  0x0000125b      0x104 ./system/src/cmsis/system_stm32f4xx.o
 .debug_abbrev  0x0000135f       0x9d ./system/src/cmsis/vectors_stm32f405xx.o
 .debug_abbrev  0x000013fc      0x1cf ./src/Timer.o
 .debug_abbrev  0x000015cb      0x16d ./src/_initialize_hardware.o
 .debug_abbrev  0x00001738       0xe2 ./src/main.o
 .debug_abbrev  0x0000181a       0x6a ./src/stm32f4xx_hal_msp.o

.debug_line     0x00000000     0x8f02
 *(.debug_line)
 .debug_line    0x00000000      0xb87 ./system/src/stm32f4-hal/stm32f4xx_hal.o
 .debug_line    0x00000b87      0xc6a ./system/src/stm32f4-hal/stm32f4xx_hal_cortex.o
 .debug_line    0x000017f1      0xe39 ./system/src/stm32f4-hal/stm32f4xx_hal_rcc.o
 .debug_line    0x0000262a      0x325 ./system/src/newlib/_exit.o
 .debug_line    0x0000294f      0x2d6 ./system/src/newlib/_sbrk.o
 .debug_line    0x00002c25      0x39e ./system/src/newlib/_startup.o
 .debug_line    0x00002fc3      0x3eb ./system/src/newlib/_syscalls.o
 .debug_line    0x000033ae      0x360 ./system/src/newlib/assert.o
 .debug_line    0x0000370e      0x393 ./system/src/diag/Trace.o
 .debug_line    0x00003aa1      0xa90 ./system/src/diag/trace_impl.o
 .debug_line    0x00004531      0xa2b ./system/src/cortexm/_initialize_hardware.o
 .debug_line    0x00004f5c      0xb39 ./system/src/cortexm/exception_handlers.o
 .debug_line    0x00005a95      0xa2b ./system/src/cmsis/system_stm32f4xx.o
 .debug_line    0x000064c0       0xff ./system/src/cmsis/vectors_stm32f405xx.o
 .debug_line    0x000065bf      0xa81 ./src/Timer.o
 .debug_line    0x00007040      0xa20 ./src/_initialize_hardware.o
 .debug_line    0x00007a60      0xa7d ./src/main.o
 .debug_line    0x000084dd      0xa25 ./src/stm32f4xx_hal_msp.o

.debug_frame    0x00000000      0xc54
 *(.debug_frame)
 .debug_frame   0x00000000      0x188 ./system/src/stm32f4-hal/stm32f4xx_hal.o
 .debug_frame   0x00000188      0x17c ./system/src/stm32f4-hal/stm32f4xx_hal_cortex.o
 .debug_frame   0x00000304      0x150 ./system/src/stm32f4-hal/stm32f4xx_hal_rcc.o
 .debug_frame   0x00000454       0x38 ./system/src/newlib/_exit.o
 .debug_frame   0x0000048c       0x28 ./system/src/newlib/_sbrk.o
 .debug_frame   0x000004b4       0x7c ./system/src/newlib/_startup.o
 .debug_frame   0x00000530       0x50 ./system/src/newlib/_syscalls.o
 .debug_frame   0x00000580       0x40 ./system/src/newlib/assert.o
 .debug_frame   0x000005c0       0x94 ./system/src/diag/Trace.o
 .debug_frame   0x00000654       0x54 ./system/src/diag/trace_impl.o
 .debug_frame   0x000006a8       0x40 ./system/src/cortexm/_initialize_hardware.o
 .debug_frame   0x000006e8      0x144 ./system/src/cortexm/exception_handlers.o
 .debug_frame   0x0000082c       0x30 ./system/src/cmsis/system_stm32f4xx.o
 .debug_frame   0x0000085c       0x20 ./system/src/cmsis/vectors_stm32f405xx.o
 .debug_frame   0x0000087c       0x58 ./src/Timer.o
 .debug_frame   0x000008d4       0x4c ./src/_initialize_hardware.o
 .debug_frame   0x00000920       0x20 ./src/main.o
 .debug_frame   0x00000940       0x50 ./src/stm32f4xx_hal_msp.o
 .debug_frame   0x00000990       0x20 c:/stm32_eclipse/stm32toolchain/gnu-arm/5.4 2016q3/bin/../lib/gcc/arm-none-eabi/5.4.1/../../../../arm-none-eabi/lib/armv7e-m\libg_nano.a(lib_a-errno.o)
 .debug_frame   0x000009b0       0x48 c:/stm32_eclipse/stm32toolchain/gnu-arm/5.4 2016q3/bin/../lib/gcc/arm-none-eabi/5.4.1/../../../../arm-none-eabi/lib/armv7e-m\libg_nano.a(lib_a-vsnprintf.o)
 .debug_frame   0x000009f8       0x90 c:/stm32_eclipse/stm32toolchain/gnu-arm/5.4 2016q3/bin/../lib/gcc/arm-none-eabi/5.4.1/../../../../arm-none-eabi/lib/armv7e-m\libg_nano.a(lib_a-nano-svfprintf.o)
 .debug_frame   0x00000a88       0x60 c:/stm32_eclipse/stm32toolchain/gnu-arm/5.4 2016q3/bin/../lib/gcc/arm-none-eabi/5.4.1/../../../../arm-none-eabi/lib/armv7e-m\libg_nano.a(lib_a-nano-vfprintf_i.o)
 .debug_frame   0x00000ae8       0x28 c:/stm32_eclipse/stm32toolchain/gnu-arm/5.4 2016q3/bin/../lib/gcc/arm-none-eabi/5.4.1/../../../../arm-none-eabi/lib/armv7e-m\libg_nano.a(lib_a-memcpy-stub.o)
 .debug_frame   0x00000b10       0x28 c:/stm32_eclipse/stm32toolchain/gnu-arm/5.4 2016q3/bin/../lib/gcc/arm-none-eabi/5.4.1/../../../../arm-none-eabi/lib/armv7e-m\libg_nano.a(lib_a-memmove.o)
 .debug_frame   0x00000b38       0x38 c:/stm32_eclipse/stm32toolchain/gnu-arm/5.4 2016q3/bin/../lib/gcc/arm-none-eabi/5.4.1/../../../../arm-none-eabi/lib/armv7e-m\libg_nano.a(lib_a-nano-freer.o)
 .debug_frame   0x00000b70       0x2c c:/stm32_eclipse/stm32toolchain/gnu-arm/5.4 2016q3/bin/../lib/gcc/arm-none-eabi/5.4.1/../../../../arm-none-eabi/lib/armv7e-m\libg_nano.a(lib_a-nano-mallocr.o)
 .debug_frame   0x00000b9c       0x3c c:/stm32_eclipse/stm32toolchain/gnu-arm/5.4 2016q3/bin/../lib/gcc/arm-none-eabi/5.4.1/../../../../arm-none-eabi/lib/armv7e-m\libg_nano.a(lib_a-nano-reallocr.o)
 .debug_frame   0x00000bd8       0x2c c:/stm32_eclipse/stm32toolchain/gnu-arm/5.4 2016q3/bin/../lib/gcc/arm-none-eabi/5.4.1/../../../../arm-none-eabi/lib/armv7e-m\libg_nano.a(lib_a-sbrkr.o)
 .debug_frame   0x00000c04       0x30 c:/stm32_eclipse/stm32toolchain/gnu-arm/5.4 2016q3/bin/../lib/gcc/arm-none-eabi/5.4.1/../../../../arm-none-eabi/lib/armv7e-m\libg_nano.a(lib_a-mlock.o)
 .debug_frame   0x00000c34       0x20 c:/stm32_eclipse/stm32toolchain/gnu-arm/5.4 2016q3/bin/../lib/gcc/arm-none-eabi/5.4.1/../../../../arm-none-eabi/lib/armv7e-m\libg_nano.a(lib_a-nano-msizer.o)

.debug_str      0x00000000    0x8cb51
 *(.debug_str)
 .debug_str     0x00000000    0x894e6 ./system/src/stm32f4-hal/stm32f4xx_hal.o
                              0x898c4 (size before relaxing)
 .debug_str     0x000894e6      0x39d ./system/src/stm32f4-hal/stm32f4xx_hal_cortex.o
                              0x89730 (size before relaxing)
 .debug_str     0x00089883      0x400 ./system/src/stm32f4-hal/stm32f4xx_hal_rcc.o
                              0x89300 (size before relaxing)
 .debug_str     0x00089c83     0x10b6 ./system/src/newlib/_exit.o
                               0x6ed0 (size before relaxing)
 .debug_str     0x0008ad39      0x4de ./system/src/newlib/_sbrk.o
                               0x62bb (size before relaxing)
 .debug_str     0x0008b217      0x2cc ./system/src/newlib/_startup.o
                               0x5ed6 (size before relaxing)
 .debug_str     0x0008b4e3      0xe18 ./system/src/newlib/_syscalls.o
                               0x711b (size before relaxing)
 .debug_str     0x0008c2fb       0xd5 ./system/src/newlib/assert.o
                               0x79d5 (size before relaxing)
 .debug_str     0x0008c3d0      0x169 ./system/src/diag/Trace.o
                               0x76c0 (size before relaxing)
 .debug_str     0x0008c539       0xe0 ./system/src/diag/trace_impl.o
                              0x89de5 (size before relaxing)
 .debug_str     0x0008c619       0x5e ./system/src/cortexm/_initialize_hardware.o
                              0x88e11 (size before relaxing)
 .debug_str     0x0008c677      0x1e5 ./system/src/cortexm/exception_handlers.o
                              0x89f31 (size before relaxing)
 .debug_str     0x0008c85c       0x46 ./system/src/cmsis/system_stm32f4xx.o
                              0x88ef0 (size before relaxing)
 .debug_str     0x0008c8a2       0x59 ./system/src/cmsis/vectors_stm32f405xx.o
                               0x308d (size before relaxing)
 .debug_str     0x0008c8fb       0x76 ./src/Timer.o
                              0x893ef (size before relaxing)
 .debug_str     0x0008c971       0x31 ./src/_initialize_hardware.o
                              0x89503 (size before relaxing)
 .debug_str     0x0008c9a2      0x172 ./src/main.o
                              0x8a071 (size before relaxing)
 .debug_str     0x0008cb14       0x3d ./src/stm32f4xx_hal_msp.o
                              0x88d50 (size before relaxing)

.debug_loc      0x00000000     0x15b5
 *(.debug_loc)
 .debug_loc     0x00000000       0x92 ./system/src/stm32f4-hal/stm32f4xx_hal.o
 .debug_loc     0x00000092      0x580 ./system/src/stm32f4-hal/stm32f4xx_hal_cortex.o
 .debug_loc     0x00000612      0x57a ./system/src/stm32f4-hal/stm32f4xx_hal_rcc.o
 .debug_loc     0x00000b8c       0x82 ./system/src/newlib/_sbrk.o
 .debug_loc     0x00000c0e      0x36e ./system/src/newlib/_startup.o
 .debug_loc     0x00000f7c       0x63 ./system/src/newlib/_syscalls.o
 .debug_loc     0x00000fdf      0x110 ./system/src/newlib/assert.o
 .debug_loc     0x000010ef      0x102 ./system/src/diag/Trace.o
 .debug_loc     0x000011f1       0x97 ./system/src/diag/trace_impl.o
 .debug_loc     0x00001288      0x184 ./system/src/cortexm/exception_handlers.o
 .debug_loc     0x0000140c      0x132 ./system/src/cmsis/system_stm32f4xx.o
 .debug_loc     0x0000153e       0x59 ./src/Timer.o
 .debug_loc     0x00001597       0x1e ./src/main.o

.debug_macinfo
 *(.debug_macinfo)

.debug_weaknames
 *(.debug_weaknames)

.debug_funcnames
 *(.debug_funcnames)

.debug_typenames
 *(.debug_typenames)

.debug_varnames
 *(.debug_varnames)
OUTPUT(switch_led.elf elf32-littlearm)

.debug_ranges   0x00000000      0x3b8
 .debug_ranges  0x00000000       0xb0 ./system/src/stm32f4-hal/stm32f4xx_hal.o
 .debug_ranges  0x000000b0       0x88 ./system/src/stm32f4-hal/stm32f4xx_hal_cortex.o
 .debug_ranges  0x00000138       0x78 ./system/src/stm32f4-hal/stm32f4xx_hal_rcc.o
 .debug_ranges  0x000001b0       0x18 ./system/src/newlib/_exit.o
 .debug_ranges  0x000001c8       0x10 ./system/src/newlib/_sbrk.o
 .debug_ranges  0x000001d8       0x30 ./system/src/newlib/_startup.o
 .debug_ranges  0x00000208       0x20 ./system/src/newlib/_syscalls.o
 .debug_ranges  0x00000228       0x18 ./system/src/newlib/assert.o
 .debug_ranges  0x00000240       0x28 ./system/src/diag/Trace.o
 .debug_ranges  0x00000268       0x20 ./system/src/diag/trace_impl.o
 .debug_ranges  0x00000288       0x18 ./system/src/cortexm/_initialize_hardware.o
 .debug_ranges  0x000002a0       0x78 ./system/src/cortexm/exception_handlers.o
 .debug_ranges  0x00000318       0x18 ./system/src/cmsis/system_stm32f4xx.o
 .debug_ranges  0x00000330       0x10 ./system/src/cmsis/vectors_stm32f405xx.o
 .debug_ranges  0x00000340       0x28 ./src/Timer.o
 .debug_ranges  0x00000368       0x18 ./src/_initialize_hardware.o
 .debug_ranges  0x00000380       0x10 ./src/main.o
 .debug_ranges  0x00000390       0x28 ./src/stm32f4xx_hal_msp.o

.debug_macro    0x00000000    0x19f40
 .debug_macro   0x00000000      0x533 ./system/src/stm32f4-hal/stm32f4xx_hal.o
 .debug_macro   0x00000533      0x898 ./system/src/stm32f4-hal/stm32f4xx_hal.o
 .debug_macro   0x00000dcb      0x289 ./system/src/stm32f4-hal/stm32f4xx_hal.o
 .debug_macro   0x00001054       0x31 ./system/src/stm32f4-hal/stm32f4xx_hal.o
 .debug_macro   0x00001085       0x28 ./system/src/stm32f4-hal/stm32f4xx_hal.o
 .debug_macro   0x000010ad      0x34e ./system/src/stm32f4-hal/stm32f4xx_hal.o
 .debug_macro   0x000013fb       0x35 ./system/src/stm32f4-hal/stm32f4xx_hal.o
 .debug_macro   0x00001430       0x50 ./system/src/stm32f4-hal/stm32f4xx_hal.o
 .debug_macro   0x00001480      0xe66 ./system/src/stm32f4-hal/stm32f4xx_hal.o
 .debug_macro   0x000022e6     0x898e ./system/src/stm32f4-hal/stm32f4xx_hal.o
 .debug_macro   0x0000ac74       0x43 ./system/src/stm32f4-hal/stm32f4xx_hal.o
 .debug_macro   0x0000acb7     0x347f ./system/src/stm32f4-hal/stm32f4xx_hal.o
 .debug_macro   0x0000e136       0x22 ./system/src/stm32f4-hal/stm32f4xx_hal.o
 .debug_macro   0x0000e158       0x4c ./system/src/stm32f4-hal/stm32f4xx_hal.o
 .debug_macro   0x0000e1a4       0x8d ./system/src/stm32f4-hal/stm32f4xx_hal.o
 .debug_macro   0x0000e231       0x35 ./system/src/stm32f4-hal/stm32f4xx_hal.o
 .debug_macro   0x0000e266       0x9c ./system/src/stm32f4-hal/stm32f4xx_hal.o
 .debug_macro   0x0000e302       0x16 ./system/src/stm32f4-hal/stm32f4xx_hal.o
 .debug_macro   0x0000e318       0x4a ./system/src/stm32f4-hal/stm32f4xx_hal.o
 .debug_macro   0x0000e362       0x97 ./system/src/stm32f4-hal/stm32f4xx_hal.o
 .debug_macro   0x0000e3f9      0x30d ./system/src/stm32f4-hal/stm32f4xx_hal.o
 .debug_macro   0x0000e706       0xfd ./system/src/stm32f4-hal/stm32f4xx_hal.o
 .debug_macro   0x0000e803       0x10 ./system/src/stm32f4-hal/stm32f4xx_hal.o
 .debug_macro   0x0000e813       0x52 ./system/src/stm32f4-hal/stm32f4xx_hal.o
 .debug_macro   0x0000e865       0x1f ./system/src/stm32f4-hal/stm32f4xx_hal.o
 .debug_macro   0x0000e884       0x43 ./system/src/stm32f4-hal/stm32f4xx_hal.o
 .debug_macro   0x0000e8c7       0x20 ./system/src/stm32f4-hal/stm32f4xx_hal.o
 .debug_macro   0x0000e8e7      0x187 ./system/src/stm32f4-hal/stm32f4xx_hal.o
 .debug_macro   0x0000ea6e       0x10 ./system/src/stm32f4-hal/stm32f4xx_hal.o
 .debug_macro   0x0000ea7e       0x5e ./system/src/stm32f4-hal/stm32f4xx_hal.o
 .debug_macro   0x0000eadc       0x1c ./system/src/stm32f4-hal/stm32f4xx_hal.o
 .debug_macro   0x0000eaf8       0x52 ./system/src/stm32f4-hal/stm32f4xx_hal.o
 .debug_macro   0x0000eb4a       0x40 ./system/src/stm32f4-hal/stm32f4xx_hal.o
 .debug_macro   0x0000eb8a       0x10 ./system/src/stm32f4-hal/stm32f4xx_hal.o
 .debug_macro   0x0000eb9a       0x40 ./system/src/stm32f4-hal/stm32f4xx_hal.o
 .debug_macro   0x0000ebda       0xd7 ./system/src/stm32f4-hal/stm32f4xx_hal.o
 .debug_macro   0x0000ecb1       0x16 ./system/src/stm32f4-hal/stm32f4xx_hal.o
 .debug_macro   0x0000ecc7      0x18b ./system/src/stm32f4-hal/stm32f4xx_hal.o
 .debug_macro   0x0000ee52       0x57 ./system/src/stm32f4-hal/stm32f4xx_hal.o
 .debug_macro   0x0000eea9      0x8a0 ./system/src/stm32f4-hal/stm32f4xx_hal.o
 .debug_macro   0x0000f749      0x9e1 ./system/src/stm32f4-hal/stm32f4xx_hal.o
 .debug_macro   0x0001012a      0x11e ./system/src/stm32f4-hal/stm32f4xx_hal.o
 .debug_macro   0x00010248      0x130 ./system/src/stm32f4-hal/stm32f4xx_hal.o
 .debug_macro   0x00010378       0x27 ./system/src/stm32f4-hal/stm32f4xx_hal.o
 .debug_macro   0x0001039f      0x287 ./system/src/stm32f4-hal/stm32f4xx_hal.o
 .debug_macro   0x00010626       0x5f ./system/src/stm32f4-hal/stm32f4xx_hal.o
 .debug_macro   0x00010685      0x23a ./system/src/stm32f4-hal/stm32f4xx_hal.o
 .debug_macro   0x000108bf      0x391 ./system/src/stm32f4-hal/stm32f4xx_hal.o
 .debug_macro   0x00010c50      0x16f ./system/src/stm32f4-hal/stm32f4xx_hal.o
 .debug_macro   0x00010dbf       0xf9 ./system/src/stm32f4-hal/stm32f4xx_hal.o
 .debug_macro   0x00010eb8      0x36e ./system/src/stm32f4-hal/stm32f4xx_hal.o
 .debug_macro   0x00011226       0x23 ./system/src/stm32f4-hal/stm32f4xx_hal.o
 .debug_macro   0x00011249       0xe6 ./system/src/stm32f4-hal/stm32f4xx_hal.o
 .debug_macro   0x0001132f       0xa1 ./system/src/stm32f4-hal/stm32f4xx_hal.o
 .debug_macro   0x000113d0       0x3c ./system/src/stm32f4-hal/stm32f4xx_hal.o
 .debug_macro   0x0001140c      0x13a ./system/src/stm32f4-hal/stm32f4xx_hal.o
 .debug_macro   0x00011546      0x21e ./system/src/stm32f4-hal/stm32f4xx_hal.o
 .debug_macro   0x00011764       0x2e ./system/src/stm32f4-hal/stm32f4xx_hal.o
 .debug_macro   0x00011792      0x543 ./system/src/stm32f4-hal/stm32f4xx_hal.o
 .debug_macro   0x00011cd5       0x88 ./system/src/stm32f4-hal/stm32f4xx_hal.o
 .debug_macro   0x00011d5d       0xd5 ./system/src/stm32f4-hal/stm32f4xx_hal.o
 .debug_macro   0x00011e32      0x183 ./system/src/stm32f4-hal/stm32f4xx_hal.o
 .debug_macro   0x00011fb5      0x1a7 ./system/src/stm32f4-hal/stm32f4xx_hal.o
 .debug_macro   0x0001215c       0xa5 ./system/src/stm32f4-hal/stm32f4xx_hal.o
 .debug_macro   0x00012201      0x18b ./system/src/stm32f4-hal/stm32f4xx_hal.o
 .debug_macro   0x0001238c       0x24 ./system/src/stm32f4-hal/stm32f4xx_hal.o
 .debug_macro   0x000123b0       0x35 ./system/src/stm32f4-hal/stm32f4xx_hal.o
 .debug_macro   0x000123e5       0x79 ./system/src/stm32f4-hal/stm32f4xx_hal.o
 .debug_macro   0x0001245e      0x11e ./system/src/stm32f4-hal/stm32f4xx_hal.o
 .debug_macro   0x0001257c       0x7f ./system/src/stm32f4-hal/stm32f4xx_hal.o
 .debug_macro   0x000125fb       0x89 ./system/src/stm32f4-hal/stm32f4xx_hal.o
 .debug_macro   0x00012684       0x7e ./system/src/stm32f4-hal/stm32f4xx_hal.o
 .debug_macro   0x00012702      0x31a ./system/src/stm32f4-hal/stm32f4xx_hal.o
 .debug_macro   0x00012a1c      0x409 ./system/src/stm32f4-hal/stm32f4xx_hal.o
 .debug_macro   0x00012e25       0xe4 ./system/src/stm32f4-hal/stm32f4xx_hal.o
 .debug_macro   0x00012f09      0x48d ./system/src/stm32f4-hal/stm32f4xx_hal.o
 .debug_macro   0x00013396      0x22b ./system/src/stm32f4-hal/stm32f4xx_hal.o
 .debug_macro   0x000135c1      0x202 ./system/src/stm32f4-hal/stm32f4xx_hal.o
 .debug_macro   0x000137c3      0x6d9 ./system/src/stm32f4-hal/stm32f4xx_hal.o
 .debug_macro   0x00013e9c       0x5b ./system/src/stm32f4-hal/stm32f4xx_hal.o
 .debug_macro   0x00013ef7      0x14d ./system/src/stm32f4-hal/stm32f4xx_hal.o
 .debug_macro   0x00014044      0x287 ./system/src/stm32f4-hal/stm32f4xx_hal.o
 .debug_macro   0x000142cb      0x225 ./system/src/stm32f4-hal/stm32f4xx_hal.o
 .debug_macro   0x000144f0      0x1b5 ./system/src/stm32f4-hal/stm32f4xx_hal.o
 .debug_macro   0x000146a5      0x2db ./system/src/stm32f4-hal/stm32f4xx_hal.o
 .debug_macro   0x00014980       0x89 ./system/src/stm32f4-hal/stm32f4xx_hal.o
 .debug_macro   0x00014a09      0x1df ./system/src/stm32f4-hal/stm32f4xx_hal.o
 .debug_macro   0x00014be8      0x115 ./system/src/stm32f4-hal/stm32f4xx_hal.o
 .debug_macro   0x00014cfd       0x6e ./system/src/stm32f4-hal/stm32f4xx_hal.o
 .debug_macro   0x00014d6b      0x125 ./system/src/stm32f4-hal/stm32f4xx_hal.o
 .debug_macro   0x00014e90      0x4e5 ./system/src/stm32f4-hal/stm32f4xx_hal_cortex.o
 .debug_macro   0x00015375      0x50f ./system/src/stm32f4-hal/stm32f4xx_hal_rcc.o
 .debug_macro   0x00015884      0x19c ./system/src/newlib/_exit.o
 .debug_macro   0x00015a20      0x10e ./system/src/newlib/_exit.o
 .debug_macro   0x00015b2e       0x8d ./system/src/newlib/_exit.o
 .debug_macro   0x00015bbb       0x35 ./system/src/newlib/_exit.o
 .debug_macro   0x00015bf0      0x151 ./system/src/newlib/_sbrk.o
 .debug_macro   0x00015d41      0x174 ./system/src/newlib/_sbrk.o
 .debug_macro   0x00015eb5       0x10 ./system/src/newlib/_sbrk.o
 .debug_macro   0x00015ec5      0x23b ./system/src/newlib/_sbrk.o
 .debug_macro   0x00016100      0x15b ./system/src/newlib/_startup.o
 .debug_macro   0x0001625b      0x89e ./system/src/newlib/_startup.o
 .debug_macro   0x00016af9      0x1ff ./system/src/newlib/_syscalls.o
 .debug_macro   0x00016cf8       0x1c ./system/src/newlib/_syscalls.o
 .debug_macro   0x00016d14       0x10 ./system/src/newlib/_syscalls.o
 .debug_macro   0x00016d24       0x10 ./system/src/newlib/_syscalls.o
 .debug_macro   0x00016d34       0x10 ./system/src/newlib/_syscalls.o
 .debug_macro   0x00016d44       0x35 ./system/src/newlib/_syscalls.o
 .debug_macro   0x00016d79      0x122 ./system/src/newlib/_syscalls.o
 .debug_macro   0x00016e9b       0x88 ./system/src/newlib/_syscalls.o
 .debug_macro   0x00016f23       0x2b ./system/src/newlib/_syscalls.o
 .debug_macro   0x00016f4e      0x118 ./system/src/newlib/_syscalls.o
 .debug_macro   0x00017066      0x159 ./system/src/newlib/_syscalls.o
 .debug_macro   0x000171bf       0x16 ./system/src/newlib/_syscalls.o
 .debug_macro   0x000171d5      0x1b8 ./system/src/newlib/assert.o
 .debug_macro   0x0001738d       0x1c ./system/src/newlib/assert.o
 .debug_macro   0x000173a9      0x1d9 ./system/src/diag/Trace.o
 .debug_macro   0x00017582       0x4c ./system/src/diag/Trace.o
 .debug_macro   0x000175ce       0x16 ./system/src/diag/Trace.o
 .debug_macro   0x000175e4      0x520 ./system/src/diag/trace_impl.o
 .debug_macro   0x00017b04      0x4ef ./system/src/cortexm/_initialize_hardware.o
 .debug_macro   0x00017ff3      0x54e ./system/src/cortexm/exception_handlers.o
 .debug_macro   0x00018541       0x3b ./system/src/cortexm/exception_handlers.o
 .debug_macro   0x0001857c       0x22 ./system/src/cortexm/exception_handlers.o
 .debug_macro   0x0001859e      0x4eb ./system/src/cmsis/system_stm32f4xx.o
 .debug_macro   0x00018a89       0x34 ./system/src/cmsis/vectors_stm32f405xx.o
 .debug_macro   0x00018abd      0x508 ./src/Timer.o
 .debug_macro   0x00018fc5       0x10 ./src/Timer.o
 .debug_macro   0x00018fd5      0x4e5 ./src/_initialize_hardware.o
 .debug_macro   0x000194ba      0x573 ./src/main.o
 .debug_macro   0x00019a2d       0x2e ./src/main.o
 .debug_macro   0x00019a5b      0x4e5 ./src/stm32f4xx_hal_msp.o
